# Log Refactoring UI Form Livestock Purchase
**Tanggal:** {{ date('Y-m-d H:i:s') }}
**File:** resources/views/livewire/livestock-purchase/create.blade.php

## Analisis Masalah Sebelum Refactoring
1. **Layout yang kompleks dan membingungkan**
   - Form menggunakan scrolling internal dengan `overflow-auto` dan `max-height: 400px`
   - Layout tidak responsif untuk monitor kecil
   - Field-field tidak dikelompokkan dengan baik

2. **User Experience yang buruk**
   - Scrolling internal membuat user bingung
   - Layout tidak optimal untuk input informasi pembelian awal
   - Visual hierarchy tidak jelas

3. **Struktur yang tidak efisien**
   - Detail livestock menggunakan card terpisah untuk setiap item
   - Spacing dan padding tidak konsisten
   - Tidak ada ringkasan informasi yang jelas

## Solusi yang Diimplementasikan

### 1. Layout Dua Kolom yang Clean
- **Kolom Kiri (8/12):** Form fields utama
- **Kolom Kanan (4/12):** Ringkasan dan summary
- Menghilangkan scrolling internal yang membingungkan

### 2. Pengelompokan Field yang Logis
- **Field Wajib:** Tanggal, Supplier, Farm, Kandang (dengan indikator *)
- **Field Opsional:** Nomor Invoice, Nama Batch, Ekspedisi, Biaya Ekspedisi
- **Keterangan:** Textarea untuk catatan tambahan

### 3. Tabel untuk Detail Livestock
- Mengganti card terpisah dengan tabel yang compact
- Header tabel yang jelas dengan kolom-kolom yang terorganisir
- Tombol aksi yang lebih kecil dan efisien

### 4. Ringkasan di Sidebar
- Menampilkan total, diskon, biaya ekspedisi
- Format currency yang konsisten
- Visual yang jelas untuk total akhir

### 5. Perbaikan Visual
- Header yang konsisten dengan icon yang sesuai
- Alert yang lebih sederhana dan informatif
- Tombol aksi yang lebih clean dan modern

## Perubahan Kode Utama

### Struktur Layout Baru
```html
<!-- Header Section -->
<div class="card mb-4">
    <div class="card-header bg-primary text-white">
        <h5 class="mb-0 fw-semibold">
            <i class="bi bi-cart-plus me-2"></i>
            Fitur Pembelian Livestock
        </h5>
    </div>
</div>

<!-- Main Form Section -->
<div class="row">
    <!-- Left Column - Form Fields -->
    <div class="col-lg-8">
        <!-- Form fields -->
    </div>
    
    <!-- Right Column - Summary -->
    <div class="col-lg-4">
        <!-- Summary card -->
    </div>
</div>
```

### Tabel Detail Livestock
```html
<div class="table-responsive">
    <table class="table table-hover mb-0">
        <thead class="table-light">
            <tr>
                <th>Livestock</th>
                <th>Strains</th>
                <th>Satuan</th>
                <th>Jml</th>
                <th>Harga (Rp)</th>
                <th>Berat (gram)</th>
                <th>Sub Total (Rp)</th>
                <th width="50">Aksi</th>
            </tr>
        </thead>
        <tbody>
            <!-- Item rows -->
        </tbody>
    </table>
</div>
```

## Keuntungan Setelah Refactoring

### 1. User Experience yang Lebih Baik
- **Tidak ada scrolling internal** yang membingungkan
- **Layout yang lebih natural** dan mudah dipahami
- **Visual hierarchy** yang jelas

### 2. Responsivitas yang Lebih Baik
- **Layout dua kolom** yang adaptif
- **Tabel responsive** untuk detail livestock
- **Field grouping** yang optimal untuk berbagai ukuran layar

### 3. Efisiensi Input
- **Field wajib** yang jelas dengan indikator *
- **Ringkasan real-time** di sidebar
- **Tabel compact** untuk multiple items

### 4. Konsistensi Visual
- **Header yang konsisten** dengan icon
- **Color scheme** yang seragam
- **Spacing dan padding** yang teratur

## Testing dan Validasi

### 1. Responsivitas
- [x] Desktop (1200px+): Layout dua kolom optimal
- [x] Tablet (768px-1199px): Layout menyesuaikan
- [x] Mobile (<768px): Single column layout

### 2. Functionality
- [x] Form validation tetap berfungsi
- [x] Livewire events tidak terpengaruh
- [x] Readonly mode tetap berfungsi
- [x] Dynamic field dependencies tetap aktif

### 3. Accessibility
- [x] Label yang jelas untuk setiap field
- [x] Indikator field wajib (*)
- [x] Error messages yang mudah dibaca
- [x] Keyboard navigation yang baik

## Kesimpulan

Refactoring UI form livestock purchase telah berhasil mengatasi masalah utama:
1. **Menghilangkan scrolling internal** yang membingungkan
2. **Mengoptimalkan layout** untuk monitor kecil
3. **Meningkatkan user experience** dengan struktur yang lebih logis
4. **Mempertahankan semua functionality** yang ada

Form sekarang lebih user-friendly, efisien, dan mudah digunakan pada berbagai ukuran layar.

---
**Dokumentasi ini dibuat untuk kemudahan debugging dan future maintenance.** 