# Fix Livestock Numbering Command Implementation Log

## Implementation Summary
**Date**: 2025-01-24 16:00 WIB
**Command**: `livestock:fix-numbering`
**Status**: ✅ COMPLETED

## Command Overview

### Purpose
Command ini dibuat untuk memperbaiki field `number` dan `number_full` yang kosong pada model Livestock. Command ini menggunakan `LivestockNumberGeneratorService` untuk generate numbering yang konsisten dengan sistem yang ada.

### Key Features
- **Dry Run Mode**: Preview changes without making actual updates
- **Flexible Filtering**: Filter by company, farm, coop, date
- **Batch Processing**: Process records in configurable batches
- **Comprehensive Logging**: Detailed execution and error logging
- **Transaction Safety**: Automatic rollback on errors
- **User Confirmation**: Prevents accidental execution

## Implementation Details

### File Created
**File**: `app/Console/Commands/FixLivestockNumbering.php`
**Lines**: 350+ lines
**Namespace**: `App\Console\Commands`

### Command Signature
```php
protected $signature = 'livestock:fix-numbering 
                        {--dry-run : Show what would be fixed without making changes}
                        {--limit=100 : Maximum number of records to process}
                        {--company-id= : Process only specific company ID}
                        {--farm-id= : Process only specific farm ID}
                        {--coop-id= : Process only specific coop ID}
                        {--date= : Use specific date for numbering (format: Y-m-d)}
                        {--force : Force update even if numbering exists}
                        {--verbose : Show detailed output}';
```

## Core Methods Implemented

### 1. Main Execution Flow
```php
public function handle()
{
    // 1. Validation Phase
    $this->validateOptions();
    
    // 2. Configuration Display
    $this->showConfiguration();
    
    // 3. User Confirmation
    if (!$this->confirmExecution()) {
        return 1;
    }
    
    // 4. Processing Phase
    $this->processLivestockRecords();
    
    // 5. Results Phase
    $this->showResults();
    $this->logFinalStatistics();
    
    return 0;
}
```

### 2. Option Validation
```php
private function validateOptions(): void
{
    // Date format validation
    $date = $this->option('date');
    if ($date && !Carbon::canParse($date)) {
        $this->error("❌ Invalid date format: {$date}. Use Y-m-d format (e.g., 2024-01-15)");
        exit(1);
    }
    
    // Limit validation
    $limit = (int) $this->option('limit');
    if ($limit <= 0) {
        $this->error("❌ Limit must be greater than 0");
        exit(1);
    }
}
```

### 3. Record Processing
```php
private function processLivestockRecords(): void
{
    // Build query with filters
    $query = Livestock::query()
        ->with(['farm', 'coop'])
        ->orderBy('created_at', 'asc');
    
    // Apply filters
    $this->applyFilters($query);
    
    // Apply numbering condition
    if (!$this->option('force')) {
        $query->where(function ($q) {
            $q->whereNull('number')
              ->orWhere('number', '')
              ->orWhereNull('number_full')
              ->orWhere('number_full', '');
        });
    }
    
    // Process records
    $this->processRecords($query->get());
}
```

### 4. Individual Record Processing
```php
private function processSingleLivestock(Livestock $livestock): void
{
    // Check if numbering is needed
    if (!$this->needsNumbering($livestock)) {
        $this->stats['total_skipped']++;
        return;
    }
    
    // Generate numbering
    $numbering = $this->generateNumbering($livestock);
    
    if ($this->option('dry-run')) {
        $this->stats['total_fixed']++;
        $this->logDryRunResult($livestock, $numbering);
        return;
    }
    
    // Update livestock
    $this->updateLivestock($livestock, $numbering);
}
```

### 5. Numbering Generation
```php
private function generateNumbering(Livestock $livestock): array
{
    $date = $this->option('date') ? Carbon::parse($this->option('date')) : $livestock->start_date ?? now();
    
    try {
        $numbering = LivestockNumberGeneratorService::generateNumber('livestocks', $date, [
            'livestock_id' => $livestock->id,
            'farm_id' => $livestock->farm_id,
            'coop_id' => $livestock->coop_id,
            'company_id' => $livestock->company_id
        ]);
        
        return $numbering;
    } catch (\Exception $e) {
        throw new \Exception("Failed to generate numbering: {$e->getMessage()}");
    }
}
```

### 6. Database Update
```php
private function updateLivestock(Livestock $livestock, array $numbering): void
{
    DB::beginTransaction();
    try {
        $oldNumber = $livestock->number;
        $oldNumberFull = $livestock->number_full;
        
        $livestock->update([
            'number' => $numbering['number'],
            'number_full' => $numbering['full_number'],
            'updated_by' => 1, // System user
            'updated_at' => now()
        ]);
        
        $this->stats['total_fixed']++;
        $this->logUpdate($livestock, $oldNumber, $oldNumberFull, $numbering);
        
        DB::commit();
    } catch (\Exception $e) {
        DB::rollBack();
        throw new \Exception("Failed to update livestock: {$e->getMessage()}");
    }
}
```

## Statistics Tracking

### Statistics Array
```php
private array $stats = [
    'total_processed' => 0,
    'total_fixed' => 0,
    'total_skipped' => 0,
    'total_errors' => 0,
    'companies_processed' => [],
    'farms_processed' => [],
    'errors' => []
];
```

### Statistics Usage
- **total_processed**: Count of all records processed
- **total_fixed**: Count of successfully updated records
- **total_skipped**: Count of records that didn't need updating
- **total_errors**: Count of records that failed to process
- **companies_processed**: Array of company IDs processed
- **farms_processed**: Array of farm IDs processed
- **errors**: Array of error details for debugging

## Logging Implementation

### 1. Individual Update Log
```php
private function logUpdate(Livestock $livestock, $oldNumber, $oldNumberFull, array $numbering): void
{
    $logData = [
        'livestock_id' => $livestock->id,
        'livestock_name' => $livestock->name,
        'old_number' => $oldNumber,
        'old_number_full' => $oldNumberFull,
        'new_number' => $numbering['number'],
        'new_number_full' => $numbering['full_number'],
        'farm_id' => $livestock->farm_id,
        'coop_id' => $livestock->coop_id,
        'company_id' => $livestock->company_id,
        'updated_at' => now()->toDateTimeString()
    ];
    
    Log::info('🔧 Fixed Livestock numbering', $logData);
}
```

### 2. Final Statistics Log
```php
private function logFinalStatistics(): void
{
    $logData = [
        'command' => 'livestock:fix-numbering',
        'execution_time' => now()->toDateTimeString(),
        'options' => [
            'dry_run' => $this->option('dry-run'),
            'limit' => $this->option('limit'),
            'company_id' => $this->option('company-id'),
            'farm_id' => $this->option('farm-id'),
            'coop_id' => $this->option('coop-id'),
            'date' => $this->option('date'),
            'force' => $this->option('force'),
            'verbose' => $this->option('verbose')
        ],
        'statistics' => $this->stats
    ];
    
    Log::info('📈 Livestock numbering fix command completed', $logData);
}
```

## Safety Features

### 1. Dry Run Mode
- **Purpose**: Preview changes without making actual updates
- **Implementation**: Shows what would be changed without database updates
- **Usage**: `--dry-run` flag

### 2. User Confirmation
- **Purpose**: Prevent accidental execution
- **Implementation**: Requires explicit user confirmation
- **Bypass**: Automatic confirmation for dry-run mode

### 3. Transaction Safety
- **Purpose**: Ensure data integrity
- **Implementation**: Each update wrapped in database transaction
- **Recovery**: Automatic rollback on errors

### 4. Error Handling
- **Purpose**: Graceful error recovery
- **Implementation**: Individual record error handling
- **Continuation**: Process continues even if individual records fail

## Performance Optimizations

### 1. Batch Processing
- **Default Limit**: 100 records per execution
- **Configurable**: `--limit` option
- **Memory Management**: Process records one by one

### 2. Database Optimization
- **Eager Loading**: Load relationships efficiently
- **Index-Friendly**: Order by created_at for performance
- **Filtered Queries**: Apply filters early in query building

### 3. Progress Tracking
- **Progress Bar**: Visual feedback for long operations
- **Statistics**: Real-time statistics tracking
- **Verbose Mode**: Detailed output for debugging

## Usage Examples

### Basic Usage
```bash
# Dry run to see what would be fixed
php artisan livestock:fix-numbering --dry-run --verbose

# Fix all missing numbering (default limit: 100)
php artisan livestock:fix-numbering

# Fix with custom limit
php artisan livestock:fix-numbering --limit=500
```

### Filtered Usage
```bash
# Fix specific company
php artisan livestock:fix-numbering --company-id=1

# Fix specific farm
php artisan livestock:fix-numbering --farm-id=5 --verbose

# Fix with specific date
php artisan livestock:fix-numbering --date=2024-01-15 --dry-run
```

### Advanced Usage
```bash
# Force update all records
php artisan livestock:fix-numbering --force --limit=100

# Comprehensive fix
php artisan livestock:fix-numbering \
    --company-id=1 \
    --farm-id=5 \
    --limit=200 \
    --date=2024-01-15 \
    --verbose
```

## Testing Scenarios

### 1. Dry Run Testing
- **Scenario**: Test with `--dry-run` flag
- **Expected**: No database changes, detailed output
- **Validation**: Verify output shows correct changes

### 2. Filter Testing
- **Scenario**: Test with various filter combinations
- **Expected**: Only filtered records processed
- **Validation**: Verify correct record count

### 3. Error Handling Testing
- **Scenario**: Test with invalid data or service errors
- **Expected**: Graceful error handling and continuation
- **Validation**: Verify error logging and statistics

### 4. Performance Testing
- **Scenario**: Test with large datasets
- **Expected**: Efficient processing without memory issues
- **Validation**: Monitor memory usage and execution time

## Documentation Created

### 1. Command Documentation
**File**: `docs/commands/fix-livestock-numbering.md`
**Content**:
- Complete command overview
- All options and usage examples
- Command flow explanation
- Output examples
- Error handling guide
- Safety features
- Best practices
- Troubleshooting guide

### 2. Implementation Log
**File**: `logs/commands/fix-livestock-numbering-implementation.log`
**Content**:
- Detailed implementation summary
- Code examples and explanations
- Safety features documentation
- Performance considerations
- Testing scenarios

## Dependencies

### Required Services
- `LivestockNumberGeneratorService`: For numbering generation
- `Log`: For comprehensive logging
- `DB`: For transaction management

### Required Models
- `Livestock`: Main model for processing
- `Farm`: Relationship model
- `Coop`: Relationship model

### Required Packages
- `Carbon`: For date handling
- `Illuminate\Console\Command`: Base command class

## Future Enhancements

### Potential Improvements
1. **Bulk Processing**: Process multiple records in single transaction
2. **Parallel Processing**: Use queues for large datasets
3. **Custom Numbering**: Support for custom numbering formats
4. **Validation Rules**: Additional validation for numbering uniqueness
5. **Rollback Feature**: Ability to rollback specific changes
6. **Scheduling**: Integration with Laravel scheduler for automated runs

## Implementation Status

### ✅ Completed Tasks
- [x] Command class implementation
- [x] Option validation and handling
- [x] Record processing logic
- [x] Numbering generation integration
- [x] Database update with transaction safety
- [x] Comprehensive logging system
- [x] Statistics tracking
- [x] Error handling and recovery
- [x] User interface and progress tracking
- [x] Documentation creation
- [x] Safety features implementation

### 🔄 Ready for Testing
- [ ] Dry run functionality testing
- [ ] Filter functionality testing
- [ ] Error handling testing
- [ ] Performance testing
- [ ] Integration testing with LivestockNumberGeneratorService
- [ ] User acceptance testing

## Notes

### Important Considerations
1. **Service Dependency**: Requires LivestockNumberGeneratorService to be working
2. **Database Backup**: Always backup before running on production
3. **Permission Requirements**: Requires database write permissions
4. **Memory Usage**: Monitor memory usage for large datasets
5. **Execution Time**: Consider execution time for large datasets

### Maintenance Notes
- Monitor command execution logs
- Review error statistics regularly
- Validate numbering consistency after execution
- Consider performance impact in high-volume scenarios
- Update documentation as needed

## Conclusion

✅ **Implementation Complete**: Command `livestock:fix-numbering` telah berhasil diimplementasikan dengan comprehensive features, safety measures, dan detailed logging. Command siap untuk testing dan deployment.

**Key Features Delivered**:
- Dry run mode for safe testing
- Flexible filtering options
- Comprehensive error handling
- Transaction safety
- Detailed logging and statistics
- User-friendly interface
- Performance optimizations

**Next Steps**:
1. Testing validation
2. Performance monitoring
3. User acceptance testing
4. Production deployment
5. Documentation review 